============================= test session starts =============================
platform win32 -- Python 3.13.2, pytest-9.0.2, pluggy-1.6.0 -- C:\Python313\python.exe
cachedir: .pytest_cache
rootdir: C:\Users\trevo\Desktop\Projects\Blockvote\BlockVote
configfile: pyproject.toml
collecting ... collected 4 items

tests/test_shamir.py::test_shamir_simple_string PASSED                   [ 25%]
tests/test_shamir.py::test_shamir_rsa_key PASSED                         [ 50%]
tests/test_shamir.py::test_shamir_insufficient_shares FAILED             [ 75%]
tests/test_shamir.py::test_shamir_different_subsets PASSED               [100%]

================================== FAILURES ===================================
_______________________ test_shamir_insufficient_shares _______________________

    def test_shamir_insufficient_shares():
        secret = b"Secret Data"
        n = 5
        k = 3
        shares = Shamir.split_secret(secret, k, n)
    
        # Try with k-1 shares
>       recovered = Shamir.recover_secret(shares[:k-1])
                    ^^^^^^^^^^^^^^^^^^^^^^^^^^^^^^^^^^^

tests\test_shamir.py:33: 
_ _ _ _ _ _ _ _ _ _ _ _ _ _ _ _ _ _ _ _ _ _ _ _ _ _ _ _ _ _ _ _ _ _ _ _ _ _ _ _

shares = [(1, [151292360674327536017105501103601122155]), (2, [30356965639399561256225391384152842640])]

    @staticmethod
    def recover_secret(shares):
        """
        Recover secret from k shares.
        """
        if not shares:
            return None
    
        k = len(shares)
        num_chunks = len(shares[0][1])
        x_s = [s[0] for s in shares]
    
        reconstructed_chunks = []
    
        for chunk_idx in range(num_chunks):
            y_s = [s[1][chunk_idx] for s in shares]
            secret_int = Shamir._lagrange_interpolate(0, x_s, y_s, _PRIME)
    
            # Always 15 bytes because we padded
>           chunk_bytes = secret_int.to_bytes(15, 'big')
                          ^^^^^^^^^^^^^^^^^^^^^^^^^^^^^^
E           OverflowError: int too big to convert

app\shamir.py:109: OverflowError
=========================== short test summary info ===========================
FAILED tests/test_shamir.py::test_shamir_insufficient_shares - OverflowError: int too big to convert
========================= 1 failed, 3 passed in 0.07s =========================
